Hello from MCP Test!